[dasher-ui.netlify.app/index.html]
[backblue.gif]
[fade.gif]
[index.html]
[dasher-ui.netlify.app/assets/libs/swiper/swiper-bundle.min.css]
[dasher-ui.netlify.app/assets/images/favicon/apple-icon-57x57.png]
[dasher-ui.netlify.app/assets/images/favicon/apple-icon-60x60.png]
[dasher-ui.netlify.app/assets/images/favicon/apple-icon-72x72.png]
[dasher-ui.netlify.app/assets/images/favicon/apple-icon-76x76.png]
[dasher-ui.netlify.app/assets/images/favicon/apple-icon-114x114.png]
[dasher-ui.netlify.app/assets/images/favicon/apple-icon-120x120.png]
[dasher-ui.netlify.app/assets/images/favicon/apple-icon-144x144.png]
[dasher-ui.netlify.app/assets/images/favicon/apple-icon-152x152.png]
[dasher-ui.netlify.app/assets/images/favicon/apple-icon-180x180.png]
[dasher-ui.netlify.app/assets/images/favicon/android-icon-192x192.png]
[dasher-ui.netlify.app/assets/images/favicon/favicon-32x32.png]
[dasher-ui.netlify.app/assets/images/favicon/favicon-96x96.png]
[dasher-ui.netlify.app/assets/images/favicon/favicon-16x16.png]
[dasher-ui.netlify.app/assets/images/favicon/ms-icon-144x144.png]
[dasher-ui.netlify.app/assets/js/vendors/color-modes.js]
[dasher-ui.netlify.app/assets/libs/simplebar/dist/simplebar.min.css]
[dasher-ui.netlify.app/assets/libs/@tabler/icons-webfont/tabler-icons.min.css]
[dasher-ui.netlify.app/assets/css/theme.min.css]
[dasher-ui.netlify.app/assets/images/brand/logo/logo-icon.svg]
[dasher-ui.netlify.app/dashboard/analytics.html]
[dasher-ui.netlify.app/dashboard/ecommerce.html]
[dasher-ui.netlify.app/dashboard/crm.html]
[dasher-ui.netlify.app/dashboard/finance.html]
[dasher-ui.netlify.app/dashboard/blog.html]
[dasher-ui.netlify.app/dashboard/file.html]
[dasher-ui.netlify.app/apps/calendar.html]
[dasher-ui.netlify.app/apps/chat-app.html]
[dasher-ui.netlify.app/apps/kanban.html]
[dasher-ui.netlify.app/apps/email/mail-details.html]
[dasher-ui.netlify.app/apps/email/compose.html]
[dasher-ui.netlify.app/apps/e-commerce/ecommerce-product-edit.html]
[dasher-ui.netlify.app/apps/e-commerce/ecommerce-cart.html]
[dasher-ui.netlify.app/apps/e-commerce/ecommerce-checkout.html]
[dasher-ui.netlify.app/apps/e-commerce/ecommerce-customer.html]
[dasher-ui.netlify.app/apps/e-commerce/ecommerce-seller.html]
[dasher-ui.netlify.app/apps/order/order-list.html]
[dasher-ui.netlify.app/apps/order/order-details.html]
[dasher-ui.netlify.app/apps/project/project-grid.html]
[dasher-ui.netlify.app/apps/project/project-list.html]
[dasher-ui.netlify.app/apps/project/project-overview.html]
[dasher-ui.netlify.app/apps/project/project-task.html]
[dasher-ui.netlify.app/apps/project/project-budget.html]
[dasher-ui.netlify.app/apps/project/project-files.html]
[dasher-ui.netlify.app/apps/project/project-team.html]
[dasher-ui.netlify.app/apps/project/add-project.html]
[dasher-ui.netlify.app/apps/crm/crm-contacts.html]
[dasher-ui.netlify.app/apps/crm/crm-company.html]
[dasher-ui.netlify.app/apps/crm/deals.html]
[dasher-ui.netlify.app/apps/crm/deals-single.html]
[dasher-ui.netlify.app/apps/invoice/invoice-list.html]
[dasher-ui.netlify.app/apps/invoice/invoice-detail.html]
[dasher-ui.netlify.app/apps/profile/profile-overview.html]
[dasher-ui.netlify.app/apps/profile/profile-project.html]
[dasher-ui.netlify.app/apps/profile/profile-team.html]
[dasher-ui.netlify.app/apps/profile/profile-followers.html]
[dasher-ui.netlify.app/apps/profile/profile-activity.html]
[dasher-ui.netlify.app/apps/profile/profile-settings.html]
[dasher-ui.netlify.app/apps/blog/blog-list.html]
[dasher-ui.netlify.app/apps/blog/blog-post-detail.html]
[dasher-ui.netlify.app/apps/blog/create-blog-post.html]
[dasher-ui.netlify.app/pages/error/maintenance.html]
[dasher-ui.netlify.app/pages/error/404-error.html]
[dasher-ui.netlify.app/pages/authentication/sign-in.html]
[dasher-ui.netlify.app/pages/authentication/sign-up.html]
[dasher-ui.netlify.app/pages/authentication/forget-password.html]
[dasher-ui.netlify.app/pages/authentication/reset-password.html]
[dasher-ui.netlify.app/pages/authentication/otp-varification.html]
[dasher-ui.netlify.app/apexchart/bar.html]
[dasher-ui.netlify.app/apexchart/line.html]
[dasher-ui.netlify.app/apexchart/pie.html]
[dasher-ui.netlify.app/apexchart/radialbar.html]
[dasher-ui.netlify.app/apexchart/radar.html]
[dasher-ui.netlify.app/apexchart/polararea.html]
[dasher-ui.netlify.app/components/components.html]
[dasher-ui.netlify.app/docs/changelog.html]
[dasher-ui.netlify.app/docs/index.html]
[dasher-ui.netlify.app/pages/blank.html]
[dasher-ui.netlify.app/assets/images/avatar/avatar-1.jpg]
[dasher-ui.netlify.app/assets/images/avatar/avatar-2.jpg]
[dasher-ui.netlify.app/assets/images/avatar/avatar-3.jpg]
[dasher-ui.netlify.app/dashboard/project.53.delayed]
[dasher-ui.netlify.app/assets/images/avatar/avatar-11.jpg]
[dasher-ui.netlify.app/assets/images/avatar/avatar-4.jpg]
[dasher-ui.netlify.app/assets/images/avatar/avatar-5.jpg]
[dasher-ui.netlify.app/assets/images/avatar/avatar-6.jpg]
[dasher-ui.netlify.app/assets/images/avatar/avatar-8.jpg]
[dasher-ui.netlify.app/assets/images/avatar/avatar-9.jpg]
[dasher-ui.netlify.app/assets/images/avatar/avatar-14.jpg]
[dasher-ui.netlify.app/assets/images/png/dasher-ai.png]
[dasher-ui.netlify.app/assets/libs/bootstrap/dist/js/bootstrap.bundle.min.js]
[dasher-ui.netlify.app/assets/libs/simplebar/dist/simplebar.min.js]
[dasher-ui.netlify.app/assets/js/theme.min.js]
[dasher-ui.netlify.app/assets/js/vendors/sidebarnav.js]
[dasher-ui.netlify.app/assets/libs/apexcharts/dist/apexcharts.min.js]
[dasher-ui.netlify.app/assets/js/vendors/chart.js]
[dasher-ui.netlify.app/assets/libs/swiper/swiper-bundle.min.js]
[dasher-ui.netlify.app/assets/js/vendors/swiper.js]
[dasher-ui.netlify.app/index.html]
[dasher-ui.netlify.app/assets/libs/swiper/swiper-bundle.min.css]
[dasher-ui.netlify.app/assets/libs/simplebar/dist/simplebar.min.css]
[dasher-ui.netlify.app/assets/libs/@tabler/icons-webfont/fonts/tabler-icons8d6f.eot]
[dasher-ui.netlify.app/assets/libs/@tabler/icons-webfont/fonts/tabler-iconsd41d.eot]
[dasher-ui.netlify.app/assets/libs/@tabler/icons-webfont/fonts/tabler-icons8d6f.woff2]
[dasher-ui.netlify.app/assets/libs/@tabler/icons-webfont/tabler-icons.min.css]
[dasher-ui.netlify.app/assets/css/theme.min.css]
[dasher-ui.netlify.app/assets/images/brand/logo/logo-icon.svg]
[dasher-ui.netlify.app/assets/libs/@tabler/icons-webfont/fonts/tabler-iconsd41d.woff]
[dasher-ui.netlify.app/assets/images/svg/browser-svg/chrome.svg]
[dasher-ui.netlify.app/assets/libs/@tabler/icons-webfont/fonts/tabler-icons8d6f.ttf]
[dasher-ui.netlify.app/assets/images/svg/browser-svg/firefox.svg]
[dasher-ui.netlify.app/assets/images/svg/browser-svg/brave.svg]
[dasher-ui.netlify.app/assets/images/svg/browser-svg/safari.svg]
[dasher-ui.netlify.app/assets/images/svg/browser-svg/ie.svg]
[dasher-ui.netlify.app/assets/images/svg/browser-svg/opera.svg]
[dasher-ui.netlify.app/assets/images/svg/browser-svg/microsoft-edge.svg]
[dasher-ui.netlify.app/assets/libs/jsvectormap/dist/js/jsvectormap.min.js]
[dasher-ui.netlify.app/dashboard/analytics.html]
[dasher-ui.netlify.app/assets/libs/jsvectormap/dist/maps/world.js]
[dasher-ui.netlify.app/assets/images/ecommerce/product-1.jpg]
[dasher-ui.netlify.app/assets/images/ecommerce/product-2.jpg]
[dasher-ui.netlify.app/assets/images/ecommerce/product-3.jpg]
[dasher-ui.netlify.app/assets/images/ecommerce/product-4.jpg]
[dasher-ui.netlify.app/assets/images/ecommerce/product-5.jpg]
[dasher-ui.netlify.app/assets/images/ecommerce/product-6.jpg]
[dasher-ui.netlify.app/assets/libs/jsvectormap/dist/maps/world-merc.js]
[dasher-ui.netlify.app/assets/libs/choices.js/public/assets/scripts/choices.min.js]
[dasher-ui.netlify.app/assets/js/vendors/choice.js]
[dasher-ui.netlify.app/dashboard/ecommerce.html]
[dasher-ui.netlify.app/assets/libs/@popperjs/core/dist/umd/popper.min.js]
[dasher-ui.netlify.app/assets/libs/tippy.js/dist/tippy-bundle.umd.min.js]
[dasher-ui.netlify.app/assets/js/vendors/tippy.js]
[dasher-ui.netlify.app/dashboard/crm.html]
[dasher-ui.netlify.app/assets/images/avatar/avatar-15.jpg]
[dasher-ui.netlify.app/dashboard/finance.html]
[dasher-ui.netlify.app/assets/images/background/profile-cover-img.jpg]
[dasher-ui.netlify.app/assets/images/blog/blog-img-1.jpg]
[dasher-ui.netlify.app/assets/images/blog/blog-img-2.jpg]
[dasher-ui.netlify.app/assets/images/blog/blog-img-3.jpg]
[dasher-ui.netlify.app/assets/images/blog/blog-img-4.jpg]
[dasher-ui.netlify.app/assets/images/blog/blog-img-5.jpg]
[dasher-ui.netlify.app/dashboard/blog.html]
[dasher-ui.netlify.app/assets/images/avatar/avatar-7.jpg]
[dasher-ui.netlify.app/assets/images/svg/file-cta.svg]
[dasher-ui.netlify.app/assets/js/vendors/upload.js]
[dasher-ui.netlify.app/dashboard/file.html]
[dasher-ui.netlify.app/assets/libs/fullcalendar/index.global.min.js]
[cdn.jsdelivr.net/npm/moment@2.29.1/min/moment.min.js]
[dasher-ui.netlify.app/assets/libs/flatpickr/dist/flatpickr.min.js]
[dasher-ui.netlify.app/apps/calendar.html]
[dasher-ui.netlify.app/assets/js/vendors/calendar.init.js]
[dasher-ui.netlify.app/assets/images/avatar/avatar-19.jpg]
[dasher-ui.netlify.app/assets/images/avatar/avatar-12.jpg]
[dasher-ui.netlify.app/assets/images/avatar/avatar-21.jpg]
[dasher-ui.netlify.app/apps/chat-app.html]
[dasher-ui.netlify.app/assets/js/vendors/chat.js]
[dasher-ui.netlify.app/assets/libs/dragula/dist/dragula.min.js]
[dasher-ui.netlify.app/assets/js/vendors/kanban.js]
[dasher-ui.netlify.app/apps/kanban.html]
[dasher-ui.netlify.app/apps/email/mail]
[dasher-ui.netlify.app/assets/libs/quill/dist/quill.js]
[dasher-ui.netlify.app/assets/js/vendors/editor.js]
[dasher-ui.netlify.app/apps/email/mail-details.html]
[dasher-ui.netlify.app/apps/email/compose.html]
[dasher-ui.netlify.app/assets/libs/dropzone/dist/dropzone.css]
[dasher-ui.netlify.app/apps/e-commerce/ecommerce-products]
[dasher-ui.netlify.app/apps/e-commerce/ecommerce-products-details]
[dasher-ui.netlify.app/assets/libs/@yaireo/tagify/dist/tagify.css]
[dasher-ui.netlify.app/assets/libs/dropzone/dist/dropzone-min.js]
[dasher-ui.netlify.app/assets/js/vendors/flatpickr.js]
[dasher-ui.netlify.app/assets/js/vendors/dropzone.js]
[dasher-ui.netlify.app/apps/e-commerce/ecommerce-product-edit.html]
[dasher-ui.netlify.app/assets/js/vendors/increment-value.js]
[dasher-ui.netlify.app/apps/e-commerce/ecommerce-cart.html]
[dasher-ui.netlify.app/assets/images/svg/payment-logo-fedex.svg]
[dasher-ui.netlify.app/assets/images/svg/payment-logo-dhl.svg]
[dasher-ui.netlify.app/assets/libs/bs-stepper/dist/js/bs-stepper.min.js]
[dasher-ui.netlify.app/assets/js/vendors/beStepper.js]
[dasher-ui.netlify.app/assets/libs/imask/dist/imask.min.js]
[dasher-ui.netlify.app/apps/e-commerce/ecommerce-checkout.html]
[dasher-ui.netlify.app/assets/js/vendors/inputmask.js]
[dasher-ui.netlify.app/assets/images/avatar/avatar-10.jpg]
[dasher-ui.netlify.app/assets/libs/list.js/dist/list.min.js]
[dasher-ui.netlify.app/assets/js/vendors/list.js]
[dasher-ui.netlify.app/assets/js/vendors/checkbox.js]
[dasher-ui.netlify.app/apps/e-commerce/ecommerce-customer.html]
[dasher-ui.netlify.app/assets/images/svg/seller-1.svg]
[dasher-ui.netlify.app/assets/images/svg/seller-2.svg]
[dasher-ui.netlify.app/assets/images/svg/seller-3.svg]
[dasher-ui.netlify.app/assets/images/svg/seller-4.svg]
[dasher-ui.netlify.app/assets/images/svg/seller-5.svg]
[dasher-ui.netlify.app/apps/e-commerce/ecommerce-seller.html]
[dasher-ui.netlify.app/assets/images/svg/seller-6.svg]
[dasher-ui.netlify.app/apps/order/order-list.html]
[dasher-ui.netlify.app/apps/order/order-details.html]
[dasher-ui.netlify.app/assets/images/avatar/avatar-13.jpg]
[dasher-ui.netlify.app/assets/images/avatar/avatar-17.jpg]
[dasher-ui.netlify.app/apps/project/project-grid.html]
[dasher-ui.netlify.app/apps/project/project-list.html]
[dasher-ui.netlify.app/apps/project/project-overview.html]
[dasher-ui.netlify.app/apps/project/project-task.html]
[dasher-ui.netlify.app/apps/project/project-budget.html]
[dasher-ui.netlify.app/apps/project/project-files.html]
[dasher-ui.netlify.app/apps/project/project-team.html]
[dasher-ui.netlify.app/apps/project/add-project.html]
[dasher-ui.netlify.app/apps/crm/crm-contacts.html]
[dasher-ui.netlify.app/assets/images/svg/brand-logo-1.svg]
[dasher-ui.netlify.app/assets/images/svg/brand-logo-2.svg]
[dasher-ui.netlify.app/assets/images/svg/brand-logo-3.svg]
[dasher-ui.netlify.app/assets/images/svg/brand-logo-4.svg]
[dasher-ui.netlify.app/assets/images/svg/brand-logo-5.svg]
[dasher-ui.netlify.app/apps/crm/crm-company.html]
[dasher-ui.netlify.app/apps/crm/deals.html]
[dasher-ui.netlify.app/assets/images/avatar/avatar-16.jpg]
[dasher-ui.netlify.app/assets/images/svg/google-meet.svg]
[dasher-ui.netlify.app/assets/images/png/dasher-ui-bootstrap-5.jpg]
[dasher-ui.netlify.app/apps/crm/deals-single.html]
[dasher-ui.netlify.app/assets/js/vendors/counter.js]
[dasher-ui.netlify.app/apps/invoice/invoice-list.html]
[dasher-ui.netlify.app/assets/images/brand/logo/logo-2.b8.delayed]
[dasher-ui.netlify.app/apps/invoice/invoice-detail.html]
[dasher-ui.netlify.app/assets/images/background/profile-cover.jpg]
[dasher-ui.netlify.app/assets/images/brand/slack-logo.svg]
[dasher-ui.netlify.app/assets/images/brand/github-logo.svg]
[dasher-ui.netlify.app/assets/images/brand/3dsmax-logo.svg]
[dasher-ui.netlify.app/apps/profile/profile-overview.html]
[dasher-ui.netlify.app/apps/profile/profile-project.html]
[dasher-ui.netlify.app/apps/profile/profile-team.html]
[dasher-ui.netlify.app/apps/profile/profile-followers.html]
[dasher-ui.netlify.app/apps/profile/profile-activity.html]
[dasher-ui.netlify.app/assets/images/svg/visa.svg]
[dasher-ui.netlify.app/assets/images/svg/mastercard.svg]
[dasher-ui.netlify.app/apps/profile/profile-settings.html]
[dasher-ui.netlify.app/assets/images/svg/americanexpress.svg]
[dasher-ui.netlify.app/assets/images/blog/blog-img-6.jpg]
[dasher-ui.netlify.app/assets/images/blog/blog-img-7.jpg]
[dasher-ui.netlify.app/apps/blog/blog-list.html]
[dasher-ui.netlify.app/apps/blog/blog-post-detail.html]
[dasher-ui.netlify.app/apps/blog/create-blog-post.html]
[dasher-ui.netlify.app/pages/error/maintenance.html]
[dasher-ui.netlify.app/assets/images/svg/maintenance.svg]
[dasher-ui.netlify.app/pages/error/404-error.html]
[dasher-ui.netlify.app/assets/images/svg/404.svg]
[dasher-ui.netlify.app/assets/js/vendors/password.js]
[dasher-ui.netlify.app/pages/authentication/sign-in.html]
[dasher-ui.netlify.app/pages/authentication/sign-up.html]
[dasher-ui.netlify.app/pages/authentication/forget-password.html]
[dasher-ui.netlify.app/pages/authentication/reset-password.html]
[dasher-ui.netlify.app/pages/authentication/otp-varification.html]
[dasher-ui.netlify.app/assets/libs/prismjs/themes/prism-okaidia.min.css]
[dasher-ui.netlify.app/assets/libs/prismjs/prism.js]
[dasher-ui.netlify.app/assets/libs/prismjs/components/prism-scss.min.js]
[dasher-ui.netlify.app/assets/libs/prismjs/plugins/toolbar/prism-toolbar.min.js]
[dasher-ui.netlify.app/apexchart/bar.html]
[dasher-ui.netlify.app/assets/libs/prismjs/plugins/copy-to-clipboard/prism-copy-to-clipboard.min.js]
[dasher-ui.netlify.app/apexchart/line.html]
[dasher-ui.netlify.app/apexchart/pie.html]
[dasher-ui.netlify.app/apexchart/radialbar.html]
[dasher-ui.netlify.app/apexchart/radar.html]
[dasher-ui.netlify.app/apexchart/polararea.html]
[dasher-ui.netlify.app/components/accordions.html]
[dasher-ui.netlify.app/docs/environment-setup.html]
[dasher-ui.netlify.app/docs/working-with-gulp.html]
[dasher-ui.netlify.app/docs/compiled-files.html]
[dasher-ui.netlify.app/docs/file-structure.html]
[dasher-ui.netlify.app/docs/resources-assets.html]
[dasher-ui.netlify.app/components/typography.html]
[dasher-ui.netlify.app/components/colors.html]
[dasher-ui.netlify.app/components/shadows.html]
[dasher-ui.netlify.app/components/alerts.html]
[dasher-ui.netlify.app/components/avatar.html]
[dasher-ui.netlify.app/components/badge.html]
[dasher-ui.netlify.app/components/breadcrumb.html]
[dasher-ui.netlify.app/components/buttons.html]
[dasher-ui.netlify.app/components/card.html]
[dasher-ui.netlify.app/components/carousel.html]
[dasher-ui.netlify.app/components/collapse.html]
[dasher-ui.netlify.app/components/dropdowns.html]
[dasher-ui.netlify.app/components/forms.html]
[dasher-ui.netlify.app/components/forms-floating.html]
[dasher-ui.netlify.app/components/list-group.html]
[dasher-ui.netlify.app/components/modal.html]
[dasher-ui.netlify.app/components/navs-tabs.html]
[dasher-ui.netlify.app/components/offcanvas.html]
[dasher-ui.netlify.app/components/pagination.html]
[dasher-ui.netlify.app/components/placeholders.html]
[dasher-ui.netlify.app/components/popovers.html]
[dasher-ui.netlify.app/components/progress.html]
[dasher-ui.netlify.app/components/scrollspy.html]
[dasher-ui.netlify.app/components/spinners.html]
[dasher-ui.netlify.app/components/tables.html]
[dasher-ui.netlify.app/components/toasts.html]
[dasher-ui.netlify.app/components/tooltips.html]
[dasher-ui.netlify.app/plugins/bs-stepper.html]
[dasher-ui.netlify.app/plugins/choice-js.html]
[dasher-ui.netlify.app/plugins/dragula.html]
[dasher-ui.netlify.app/plugins/dropzone.html]
[dasher-ui.netlify.app/plugins/flatpickr.html]
[dasher-ui.netlify.app/plugins/imask.html]
[dasher-ui.netlify.app/plugins/jsvectormap.html]
[dasher-ui.netlify.app/plugins/list-js.html]
[dasher-ui.netlify.app/plugins/swiper.html]
[dasher-ui.netlify.app/plugins/quill.html]
[dasher-ui.netlify.app/plugins/tippy-js.html]
[dasher-ui.netlify.app/utilities/background.html]
[dasher-ui.netlify.app/utilities/borders.html]
[dasher-ui.netlify.app/utilities/colored-links.html]
[dasher-ui.netlify.app/utilities/colors.html]
[dasher-ui.netlify.app/utilities/display.html]
[dasher-ui.netlify.app/utilities/flex.html]
[dasher-ui.netlify.app/utilities/float.html]
[dasher-ui.netlify.app/utilities/opacity.html]
[dasher-ui.netlify.app/utilities/overflow.html]
[dasher-ui.netlify.app/utilities/stacks.html]
[dasher-ui.netlify.app/utilities/vertical-rule.html]
[dasher-ui.netlify.app/assets/libs/sticky-sidebar/dist/sticky-sidebar.min.js]
[dasher-ui.netlify.app/assets/js/vendors/sticky.js]
[dasher-ui.netlify.app/assets/js/vendors/sidebar-menu.js]
[dasher-ui.netlify.app/components/components.html]
[dasher-ui.netlify.app/docs/index.html]
[dasher-ui.netlify.app/docs/changelog.html]
[dasher-ui.netlify.app/pages/blank.html]
[dasher-ui.netlify.app/dashboard/project.html]
[dasher-ui.netlify.app/assets/images/svg/browser-svg/chrome.svg]
[dasher-ui.netlify.app/assets/images/svg/browser-svg/firefox.svg]
[dasher-ui.netlify.app/assets/images/svg/browser-svg/brave.svg]
[dasher-ui.netlify.app/assets/images/svg/browser-svg/safari.svg]
[dasher-ui.netlify.app/assets/images/svg/browser-svg/ie.svg]
[dasher-ui.netlify.app/assets/images/svg/browser-svg/opera.svg]
[dasher-ui.netlify.app/assets/images/svg/browser-svg/microsoft-edge.svg]
[dasher-ui.netlify.app/assets/images/svg/file-cta.svg]
[dasher-ui.netlify.app/assets/libs/dragula/dist/dragula.min.css]
[dasher-ui.netlify.app/apps/email/mail]
[dasher-ui.netlify.app/assets/images/svg/path-gulp.svg]
[dasher-ui.netlify.app/assets/images/ecommerce/product-7.jpg]
[dasher-ui.netlify.app/assets/images/ecommerce/product-8.jpg]
[dasher-ui.netlify.app/assets/images/ecommerce/product-9.jpg]
[dasher-ui.netlify.app/assets/images/ecommerce/product-10.jpg]
[dasher-ui.netlify.app/apps/e-commerce/ecommerce-products]
[dasher-ui.netlify.app/assets/libs/tiny-slider/dist/tiny-slider.css]
[dasher-ui.netlify.app/assets/libs/tiny-slider/dist/min/tiny-slider.js]
[dasher-ui.netlify.app/assets/js/vendors/tns.js]
[dasher-ui.netlify.app/apps/e-commerce/ecommerce-products-details]
[dasher-ui.netlify.app/assets/libs/dropzone/dist/dropzone.css]
[dasher-ui.netlify.app/assets/libs/@yaireo/tagify/dist/tagify.css]
[dasher-ui.netlify.app/assets/images/svg/payment-logo-fedex.svg]
[dasher-ui.netlify.app/assets/images/svg/payment-logo-dhl.svg]
[dasher-ui.netlify.app/assets/images/svg/seller-1.svg]
[dasher-ui.netlify.app/assets/images/svg/seller-2.svg]
[dasher-ui.netlify.app/assets/images/svg/seller-3.svg]
[dasher-ui.netlify.app/assets/images/svg/seller-4.svg]
[dasher-ui.netlify.app/assets/images/svg/seller-5.svg]
[dasher-ui.netlify.app/assets/images/svg/seller-6.svg]
[dasher-ui.netlify.app/assets/images/svg/brand-logo-1.svg]
[dasher-ui.netlify.app/assets/images/svg/brand-logo-2.svg]
[dasher-ui.netlify.app/assets/images/svg/brand-logo-3.svg]
[dasher-ui.netlify.app/assets/images/svg/brand-logo-4.svg]
[dasher-ui.netlify.app/assets/images/svg/brand-logo-5.svg]
[dasher-ui.netlify.app/assets/images/svg/brand-logo-6.svg]
[dasher-ui.netlify.app/assets/images/svg/zoom.svg]
[dasher-ui.netlify.app/assets/images/svg/google-meet.svg]
[dasher-ui.netlify.app/assets/images/brand/logo/logo-2.html]
[dasher-ui.netlify.app/assets/images/brand/dropbox-logo.svg]
[dasher-ui.netlify.app/assets/images/brand/slack-logo.svg]
[dasher-ui.netlify.app/assets/images/brand/github-logo.svg]
[dasher-ui.netlify.app/assets/images/brand/3dsmax-logo.svg]
[dasher-ui.netlify.app/assets/images/brand/layers-logo.svg]
[dasher-ui.netlify.app/assets/images/svg/visa.svg]
[dasher-ui.netlify.app/assets/images/svg/mastercard.svg]
[dasher-ui.netlify.app/assets/images/svg/americanexpress.svg]
[dasher-ui.netlify.app/assets/images/svg/maintenance.svg]
[dasher-ui.netlify.app/assets/images/svg/404.svg]
[dasher-ui.netlify.app/assets/libs/prismjs/themes/prism-okaidia.min.css]
[dasher-ui.netlify.app/components/accordions.html]
[dasher-ui.netlify.app/assets/images/svg/path-nodejs.svg]
[dasher-ui.netlify.app/assets/images/svg/path-sass.svg]
[dasher-ui.netlify.app/docs/environment-setup.html]
[dasher-ui.netlify.app/docs/working-with-gulp.html]
[dasher-ui.netlify.app/docs/compiled-files.html]
[dasher-ui.netlify.app/docs/file-structure.html]
[dasher-ui.netlify.app/assets/images/svg/path-bootstrap.svg]
[dasher-ui.netlify.app/assets/images/docs/block-figma.111.delayed]
[dasher-ui.netlify.app/docs/resources-assets.html]
[dasher-ui.netlify.app/components/typography.html]
[dasher-ui.netlify.app/assets/js/vendors/colorpicker.js]
[dasher-ui.netlify.app/components/colors.html]
[dasher-ui.netlify.app/components/shadows.html]
[dasher-ui.netlify.app/components/alerts.html]
[dasher-ui.netlify.app/assets/images/svg/checked-mark.svg]
[dasher-ui.netlify.app/components/avatar.html]
[dasher-ui.netlify.app/components/badge.html]
[dasher-ui.netlify.app/components/breadcrumb.html]
[dasher-ui.netlify.app/components/buttons.html]
[dasher-ui.netlify.app/components/card.html]
[dasher-ui.netlify.app/assets/images/slide-img/carousel-img-1.jpg]
[dasher-ui.netlify.app/assets/images/slide-img/carousel-img-2.jpg]
[dasher-ui.netlify.app/assets/images/slide-img/carousel-img-3.jpg]
[dasher-ui.netlify.app/components/carousel.html]
[dasher-ui.netlify.app/components/collapse.html]
[dasher-ui.netlify.app/components/dropdowns.html]
[dasher-ui.netlify.app/components/forms.html]
[dasher-ui.netlify.app/components/forms-floating.html]
[dasher-ui.netlify.app/components/list-group.html]
[dasher-ui.netlify.app/components/modal.html]
[dasher-ui.netlify.app/components/navs-tabs.html]
[dasher-ui.netlify.app/components/offcanvas.html]
[dasher-ui.netlify.app/components/pagination.html]
[dasher-ui.netlify.app/assets/images/placeholder/placeholder-4by3.svg]
[dasher-ui.netlify.app/components/placeholders.html]
[dasher-ui.netlify.app/components/popovers.html]
[dasher-ui.netlify.app/components/progress.html]
[dasher-ui.netlify.app/components/scrollspy.html]
[dasher-ui.netlify.app/components/spinners.html]
[dasher-ui.netlify.app/components/tables.html]
[dasher-ui.netlify.app/components/toasts.html]
[dasher-ui.netlify.app/components/tooltips.html]
[dasher-ui.netlify.app/plugins/bs-stepper.html]
[dasher-ui.netlify.app/plugins/choice-js.html]
[dasher-ui.netlify.app/plugins/dragula.html]
[dasher-ui.netlify.app/plugins/dropzone.html]
[dasher-ui.netlify.app/plugins/flatpickr.html]
[dasher-ui.netlify.app/plugins/imask.html]
[dasher-ui.netlify.app/plugins/jsvectormap.html]
[dasher-ui.netlify.app/plugins/list-js.html]
[dasher-ui.netlify.app/plugins/quill.html]
[dasher-ui.netlify.app/plugins/swiper.html]
[dasher-ui.netlify.app/plugins/tippy-js.html]
[dasher-ui.netlify.app/utilities/background.html]
[dasher-ui.netlify.app/assets/images/placeholder/placeholder-img.jpg]
[dasher-ui.netlify.app/utilities/borders.html]
[dasher-ui.netlify.app/utilities/colored-links.html]
[dasher-ui.netlify.app/utilities/colors.html]
[dasher-ui.netlify.app/utilities/display.html]
[dasher-ui.netlify.app/utilities/flex.html]
[dasher-ui.netlify.app/utilities/float.html]
[dasher-ui.netlify.app/utilities/opacity.html]
[dasher-ui.netlify.app/utilities/overflow.html]
[dasher-ui.netlify.app/utilities/stacks.html]
[dasher-ui.netlify.app/utilities/vertical-rule.html]
[dasher-ui.netlify.app/assets/images/svg/path-gulp.svg]
[dasher-ui.netlify.app/assets/libs/tiny-slider/dist/tiny-slider.css]
[dasher-ui.netlify.app/assets/images/svg/path-nodejs.svg]
[dasher-ui.netlify.app/assets/images/svg/path-sass.svg]
[dasher-ui.netlify.app/assets/images/svg/path-bootstrap.svg]
[dasher-ui.netlify.app/assets/images/docs/block-figma.html]
[dasher-ui.netlify.app/assets/images/svg/checked-mark.svg]
[dasher-ui.netlify.app/assets/images/placeholder/placeholder-4by3.svg]
